========================================
   Full 5-Player Game Flow Test
========================================

[1] Login as host (player1)...
   鉁?Logged in, token: eyJhbGciOiJIUzI1NiIs...

[2] Create game room...
   鉁?Game created: 1772010593693341800

[3] Other players join game...
   鉁?player2 joined
   鉁?player3 joined
   鉁?player4 joined
   鉁?player5 joined

[4] Verify 5 players in game...
   鉁?Players in game: 5/5

[5] Start game (deal cards)...
   鉁?Game started!
   Status: playing
   Current Player: 1

[6] Get game table state...
   鉁?Game status: playing
   Current player: 1
   My hand size: 31 cards
   First card: 7 of clubs

[7] Host calls friend card...
   鉁?Friend card called: Ace of Hearts

[8] Test playing cards...
   鉁?Player 1 played a card
   Next player: 2
   鉁?Player 2 played a card
   鉁?Player 3 played a card
   鉁?Player 4 played a card
   鉁?Player 5 played a card
   馃幆 Trick complete! Winner: player 4

[9] Final game state...
   Status: playing
   Friend revealed: false
   Current player: 4

========================================
   Full Game Flow Test Complete
========================================
